[21:50:58] [ServerMain/INFO]: Environment: Environment[sessionHost=https://sessionserver.mojang.com, servicesHost=https://api.minecraftservices.com, name=PROD]
[21:50:59] [ServerMain/INFO]: Loaded 1373 recipes
[21:50:59] [ServerMain/INFO]: Loaded 1484 advancements
[21:50:59] [Server thread/INFO]: Starting minecraft server version 1.21.5
[21:50:59] [Server thread/INFO]: Loading properties
[21:50:59] [Server thread/INFO]: Default game type: SURVIVAL
[21:50:59] [Server thread/INFO]: Generating keypair
[21:51:00] [Server thread/INFO]: Starting Minecraft server on *:25565
[21:51:00] [Server thread/INFO]: Using epoll channel type
[21:51:00] [Server thread/WARN]: **** SERVER IS RUNNING IN OFFLINE/INSECURE MODE!
[21:51:00] [Server thread/WARN]: The server will make no attempt to authenticate usernames. Beware.
[21:51:00] [Server thread/WARN]: While this makes the game possible to play without internet access, it also opens up the ability for hackers to connect with any username they choose.
[21:51:00] [Server thread/WARN]: To change this, set "online-mode" to "true" in the server.properties file.
[21:51:00] [Server thread/INFO]: Preparing level "INTEGRAL"
[21:51:00] [Server thread/INFO]: Preparing start region for dimension minecraft:overworld
[21:51:04] [Worker-Main-1/INFO]: Preparing spawn area: 0%
[21:51:04] [Worker-Main-1/INFO]: Preparing spawn area: 0%
[21:51:04] [Worker-Main-1/INFO]: Preparing spawn area: 0%
[21:51:04] [Worker-Main-1/INFO]: Preparing spawn area: 0%
[21:51:04] [Worker-Main-1/INFO]: Preparing spawn area: 0%
[21:51:04] [Worker-Main-1/INFO]: Preparing spawn area: 0%
[21:51:04] [Worker-Main-1/INFO]: Preparing spawn area: 0%
[21:51:04] [Worker-Main-1/INFO]: Preparing spawn area: 0%
[21:51:04] [Server thread/INFO]: Time elapsed: 3954 ms
[21:51:04] [Server thread/INFO]: Done (4.266s)! For help, type "help"
[21:51:20] [Server thread/INFO]: Gerinimoo[/100.112.137.116:46528] logged in with entity id 8 at (-552.5, 63.0, -235.5)
[21:51:20] [Server thread/INFO]: Gerinimoo joined the game
[21:53:45] [Server thread/INFO]: Gerinimoo was impaled by Drowned
[21:54:46] [Server thread/INFO]: Gerinimoo was impaled by Drowned
[22:00:09] [Server thread/INFO]: Gerinimoo tried to swim in lava
[22:05:24] [Server thread/INFO]: Unknown item 'minecraft:diamond_chest'
[22:05:24] [Server thread/INFO]: give @a diamond_chest<--[HERE]
[22:06:08] [Server thread/INFO]: Made Gerinimoo a server operator
[22:06:34] [Server thread/INFO]: [Gerinimoo: Set own game mode to Creative Mode]
[22:06:41] [Server thread/INFO]: Gerinimoo has made the advancement [Cover Me with Diamonds]
[22:09:04] [Server thread/INFO]: [Gerinimoo: Set own game mode to Survival Mode]
